[duruthemes.com/demo/html/togo/onepage-dark/index.html]
[backblue.gif]
[fade.gif]
[index.html]
[duruthemes.com/demo/html/togo/onepage-dark/assets/img/favicon.png]
[duruthemes.com/demo/html/togo/onepage-dark/assets/css/bootstrap.min.css]
[duruthemes.com/demo/html/togo/onepage-dark/assets/css/bootstrap.menu.css]
[duruthemes.com/demo/html/togo/onepage-dark/assets/css/animate.min.css]
[duruthemes.com/demo/html/togo/onepage-dark/assets/css/themify-icons.css]
[duruthemes.com/demo/html/togo/onepage-dark/assets/css/YouTubePopUp.css]
[duruthemes.com/demo/html/togo/onepage-dark/assets/css/owl.carousel.min.css]
[duruthemes.com/demo/html/togo/onepage-dark/assets/css/owl.theme.default.min.css]
[duruthemes.com/demo/html/togo/onepage-dark/assets/css/style.css]
[duruthemes.com/demo/html/togo/onepage-dark/index-2.html]
[duruthemes.com/demo/html/togo/onepage-dark/assets/img/25.png]
[duruthemes.com/demo/html/togo/onepage-dark/assets/img/projects/3.jpg]
[duruthemes.com/demo/html/togo/onepage-dark/project.html]
[duruthemes.com/demo/html/togo/onepage-dark/assets/img/projects/2.jpg]
[duruthemes.com/demo/html/togo/onepage-dark/assets/img/projects/4.jpg]
[duruthemes.com/demo/html/togo/onepage-dark/assets/img/left-quote.png]
[duruthemes.com/demo/html/togo/onepage-dark/assets/img/team/1.jpg]
[duruthemes.com/demo/html/togo/onepage-dark/assets/img/team/2.jpg]
[duruthemes.com/demo/html/togo/onepage-dark/assets/img/team/3.jpg]
[duruthemes.com/demo/html/togo/onepage-dark/assets/img/blog/1.jpg]
[duruthemes.com/demo/html/togo/onepage-dark/post.html]
[duruthemes.com/demo/html/togo/onepage-dark/assets/img/blog/2.jpg]
[duruthemes.com/demo/html/togo/onepage-dark/assets/img/clients/2.png]
[duruthemes.com/demo/html/togo/onepage-dark/assets/img/clients/3.png]
[duruthemes.com/demo/html/togo/onepage-dark/assets/img/clients/5.png]
[duruthemes.com/demo/html/togo/onepage-dark/assets/js/jquery-migrate-3.0.0.min.js]
[duruthemes.com/demo/html/togo/onepage-dark/assets/js/popper.min.js]
[duruthemes.com/demo/html/togo/onepage-dark/assets/js/jquery-3.0.0.min.js]
[duruthemes.com/demo/html/togo/onepage-dark/assets/js/scrollIt.min.js]
[duruthemes.com/demo/html/togo/onepage-dark/assets/js/jquery.waypoints.min.js]
[duruthemes.com/demo/html/togo/onepage-dark/assets/js/bootstrap.min.js]
[duruthemes.com/demo/html/togo/onepage-dark/assets/js/jquery.stellar.min.js]
[duruthemes.com/demo/html/togo/onepage-dark/assets/js/owl.carousel.min.js]
[duruthemes.com/demo/html/togo/onepage-dark/assets/js/YouTubePopUp.jquery.js]
[duruthemes.com/demo/html/togo/onepage-dark/assets/js/autotype.js]
[duruthemes.com/demo/html/togo/onepage-dark/assets/js/validator.js]
[duruthemes.com/demo/html/togo/onepage-dark/assets/js/bootstrap.menu.js]
[duruthemes.com/demo/html/togo/onepage-dark/index.html]
[duruthemes.com/demo/html/togo/onepage-dark/assets/css/bootstrap.min.css]
[duruthemes.com/demo/html/togo/onepage-dark/assets/css/bootstrap.menu.css]
[duruthemes.com/demo/html/togo/onepage-dark/assets/css/animate.min.css]
[duruthemes.com/demo/html/togo/onepage-dark/assets/js/scripts.js]
[duruthemes.com/demo/html/togo/onepage-dark/assets/fonts/themify.eot]
[duruthemes.com/demo/html/togo/onepage-dark/assets/fonts/themify.woff]
[duruthemes.com/demo/html/togo/onepage-dark/assets/fonts/themifyd41d.eot]
[duruthemes.com/demo/html/togo/onepage-dark/assets/fonts/themify.ttf]
[duruthemes.com/demo/html/togo/onepage-dark/assets/css/themify-icons.css]
[ledthanhdat.vn/kunka/assets/images/close.2e.delayed]
[ledthanhdat.vn/kunka/assets/images/close.2f.delayed]
[duruthemes.com/demo/html/togo/onepage-dark/assets/css/YouTubePopUp.css]
[ledthanhdat.vn/kunka/assets/css/owl.video.play.png]
[ledthanhdat.vn/kunka/assets/css/owl.video.play.png]
[duruthemes.com/demo/html/togo/onepage-dark/assets/css/owl.carousel.min.css]
[duruthemes.com/demo/html/togo/onepage-dark/assets/css/owl.theme.default.min.css]
[duruthemes.com/demo/html/togo/onepage-dark/assets/img/contact.jpg]
[duruthemes.com/demo/html/togo/onepage-dark/assets/css/style.css]
[duruthemes.com/demo/html/togo/onepage-dark/index-2.html]
[duruthemes.com/demo/html/togo/onepage-dark/assets/img/projects/5.jpg]
[duruthemes.com/demo/html/togo/onepage-dark/assets/img/projects/6.jpg]
[duruthemes.com/demo/html/togo/onepage-dark/assets/img/projects/7.jpg]
[duruthemes.com/demo/html/togo/onepage-dark/project.html]
[duruthemes.com/demo/html/togo/onepage-dark/assets/img/projects/1.jpg]
[duruthemes.com/demo/html/togo/onepage-dark/blog.html]
[duruthemes.com/demo/html/togo/onepage-dark/post.html]
[duruthemes.com/demo/html/togo/onepage-dark/assets/img/clients/1.png]
[duruthemes.com/demo/html/togo/onepage-dark/assets/img/clients/4.png]
[duruthemes.com/demo/html/togo/onepage-dark/assets/fonts/themify.svg]
[duruthemes.com/demo/html/togo/onepage-dark/assets/img/blog/3.jpg]
[duruthemes.com/demo/html/togo/onepage-dark/assets/img/blog/4.jpg]
[duruthemes.com/demo/html/togo/onepage-dark/blog.html]
[duruthemes.com/demo/html/togo/onepage-dark/assets/fonts/themify.svg]
